// Jest Snapshot v1, https://goo.gl/fbAQLP

exports[`Apply tests for Loading component Take snapshot from Loading 1`] = `
Object {
  "asFragment": [Function],
  "baseElement": <body>
    <div>
      <div
        class="d-flex flex-column align-items-center justify-content-center gap3 p-3 bgcolor-dark"
      >
        <div
          style="fill: #fff; height: 64px; width: 64px;"
        >
          <svg
            id="loading"
            viewBox="0 0 32 32"
            xmlns="http://www.w3.org/2000/svg"
          >
            
  
            <path
              d="M14 0 H18 V8 H14 z"
              opacity=".1"
              transform="rotate(0 16 16)"
            >
              
    
              <animate
                attributeName="opacity"
                begin="0"
                dur="1s"
                from="1"
                repeatCount="indefinite"
                to=".1"
              />
              
  
            </path>
            
  
            <path
              d="M14 0 H18 V8 H14 z"
              opacity=".1"
              transform="rotate(45 16 16)"
            >
              
    
              <animate
                attributeName="opacity"
                begin="0.125s"
                dur="1s"
                from="1"
                repeatCount="indefinite"
                to=".1"
              />
              
  
            </path>
            
  
            <path
              d="M14 0 H18 V8 H14 z"
              opacity=".1"
              transform="rotate(90 16 16)"
            >
              
    
              <animate
                attributeName="opacity"
                begin="0.25s"
                dur="1s"
                from="1"
                repeatCount="indefinite"
                to=".1"
              />
              
  
            </path>
            
  
            <path
              d="M14 0 H18 V8 H14 z"
              opacity=".1"
              transform="rotate(135 16 16)"
            >
              
    
              <animate
                attributeName="opacity"
                begin="0.375s"
                dur="1s"
                from="1"
                repeatCount="indefinite"
                to=".1"
              />
              
  
            </path>
            
  
            <path
              d="M14 0 H18 V8 H14 z"
              opacity=".1"
              transform="rotate(180 16 16)"
            >
              
    
              <animate
                attributeName="opacity"
                begin="0.5s"
                dur="1s"
                from="1"
                repeatCount="indefinite"
                to=".1"
              />
              
  
            </path>
            
  
            <path
              d="M14 0 H18 V8 H14 z"
              opacity=".1"
              transform="rotate(225 16 16)"
            >
              
    
              <animate
                attributeName="opacity"
                begin="0.675s"
                dur="1s"
                from="1"
                repeatCount="indefinite"
                to=".1"
              />
              
  
            </path>
            
  
            <path
              d="M14 0 H18 V8 H14 z"
              opacity=".1"
              transform="rotate(270 16 16)"
            >
              
    
              <animate
                attributeName="opacity"
                begin="0.75s"
                dur="1s"
                from="1"
                repeatCount="indefinite"
                to=".1"
              />
              
  
            </path>
            
  
            <path
              d="M14 0 H18 V8 H14 z"
              opacity=".1"
              transform="rotate(315 16 16)"
            >
              
    
              <animate
                attributeName="opacity"
                begin="0.875s"
                dur="1s"
                from="1"
                repeatCount="indefinite"
                to=".1"
              />
              
  
            </path>
            

          </svg>
          

        </div>
        <span>
          Please wait...
        </span>
      </div>
    </div>
  </body>,
  "container": <div>
    <div
      class="d-flex flex-column align-items-center justify-content-center gap3 p-3 bgcolor-dark"
    >
      <div
        style="fill: #fff; height: 64px; width: 64px;"
      >
        <svg
          id="loading"
          viewBox="0 0 32 32"
          xmlns="http://www.w3.org/2000/svg"
        >
          
  
          <path
            d="M14 0 H18 V8 H14 z"
            opacity=".1"
            transform="rotate(0 16 16)"
          >
            
    
            <animate
              attributeName="opacity"
              begin="0"
              dur="1s"
              from="1"
              repeatCount="indefinite"
              to=".1"
            />
            
  
          </path>
          
  
          <path
            d="M14 0 H18 V8 H14 z"
            opacity=".1"
            transform="rotate(45 16 16)"
          >
            
    
            <animate
              attributeName="opacity"
              begin="0.125s"
              dur="1s"
              from="1"
              repeatCount="indefinite"
              to=".1"
            />
            
  
          </path>
          
  
          <path
            d="M14 0 H18 V8 H14 z"
            opacity=".1"
            transform="rotate(90 16 16)"
          >
            
    
            <animate
              attributeName="opacity"
              begin="0.25s"
              dur="1s"
              from="1"
              repeatCount="indefinite"
              to=".1"
            />
            
  
          </path>
          
  
          <path
            d="M14 0 H18 V8 H14 z"
            opacity=".1"
            transform="rotate(135 16 16)"
          >
            
    
            <animate
              attributeName="opacity"
              begin="0.375s"
              dur="1s"
              from="1"
              repeatCount="indefinite"
              to=".1"
            />
            
  
          </path>
          
  
          <path
            d="M14 0 H18 V8 H14 z"
            opacity=".1"
            transform="rotate(180 16 16)"
          >
            
    
            <animate
              attributeName="opacity"
              begin="0.5s"
              dur="1s"
              from="1"
              repeatCount="indefinite"
              to=".1"
            />
            
  
          </path>
          
  
          <path
            d="M14 0 H18 V8 H14 z"
            opacity=".1"
            transform="rotate(225 16 16)"
          >
            
    
            <animate
              attributeName="opacity"
              begin="0.675s"
              dur="1s"
              from="1"
              repeatCount="indefinite"
              to=".1"
            />
            
  
          </path>
          
  
          <path
            d="M14 0 H18 V8 H14 z"
            opacity=".1"
            transform="rotate(270 16 16)"
          >
            
    
            <animate
              attributeName="opacity"
              begin="0.75s"
              dur="1s"
              from="1"
              repeatCount="indefinite"
              to=".1"
            />
            
  
          </path>
          
  
          <path
            d="M14 0 H18 V8 H14 z"
            opacity=".1"
            transform="rotate(315 16 16)"
          >
            
    
            <animate
              attributeName="opacity"
              begin="0.875s"
              dur="1s"
              from="1"
              repeatCount="indefinite"
              to=".1"
            />
            
  
          </path>
          

        </svg>
        

      </div>
      <span>
        Please wait...
      </span>
    </div>
  </div>,
  "debug": [Function],
  "findAllByAltText": [Function],
  "findAllByDisplayValue": [Function],
  "findAllByLabelText": [Function],
  "findAllByPlaceholderText": [Function],
  "findAllByRole": [Function],
  "findAllByTestId": [Function],
  "findAllByText": [Function],
  "findAllByTitle": [Function],
  "findByAltText": [Function],
  "findByDisplayValue": [Function],
  "findByLabelText": [Function],
  "findByPlaceholderText": [Function],
  "findByRole": [Function],
  "findByTestId": [Function],
  "findByText": [Function],
  "findByTitle": [Function],
  "getAllByAltText": [Function],
  "getAllByDisplayValue": [Function],
  "getAllByLabelText": [Function],
  "getAllByPlaceholderText": [Function],
  "getAllByRole": [Function],
  "getAllByTestId": [Function],
  "getAllByText": [Function],
  "getAllByTitle": [Function],
  "getByAltText": [Function],
  "getByDisplayValue": [Function],
  "getByLabelText": [Function],
  "getByPlaceholderText": [Function],
  "getByRole": [Function],
  "getByTestId": [Function],
  "getByText": [Function],
  "getByTitle": [Function],
  "queryAllByAltText": [Function],
  "queryAllByDisplayValue": [Function],
  "queryAllByLabelText": [Function],
  "queryAllByPlaceholderText": [Function],
  "queryAllByRole": [Function],
  "queryAllByTestId": [Function],
  "queryAllByText": [Function],
  "queryAllByTitle": [Function],
  "queryByAltText": [Function],
  "queryByDisplayValue": [Function],
  "queryByLabelText": [Function],
  "queryByPlaceholderText": [Function],
  "queryByRole": [Function],
  "queryByTestId": [Function],
  "queryByText": [Function],
  "queryByTitle": [Function],
  "rerender": [Function],
  "unmount": [Function],
}
`;

exports[`Apply tests for Loading component Take snapshot from Loading 2`] = `
Object {
  "asFragment": [Function],
  "baseElement": <body>
    <div>
      <div
        class="d-flex flex-column align-items-center justify-content-center gap3 p-3 bgcolor-dark"
      >
        <div
          style="fill: #fff; height: 64px; width: 64px;"
        >
          <svg
            id="loading"
            viewBox="0 0 32 32"
            xmlns="http://www.w3.org/2000/svg"
          >
            
  
            <path
              d="M14 0 H18 V8 H14 z"
              opacity=".1"
              transform="rotate(0 16 16)"
            >
              
    
              <animate
                attributeName="opacity"
                begin="0"
                dur="1s"
                from="1"
                repeatCount="indefinite"
                to=".1"
              />
              
  
            </path>
            
  
            <path
              d="M14 0 H18 V8 H14 z"
              opacity=".1"
              transform="rotate(45 16 16)"
            >
              
    
              <animate
                attributeName="opacity"
                begin="0.125s"
                dur="1s"
                from="1"
                repeatCount="indefinite"
                to=".1"
              />
              
  
            </path>
            
  
            <path
              d="M14 0 H18 V8 H14 z"
              opacity=".1"
              transform="rotate(90 16 16)"
            >
              
    
              <animate
                attributeName="opacity"
                begin="0.25s"
                dur="1s"
                from="1"
                repeatCount="indefinite"
                to=".1"
              />
              
  
            </path>
            
  
            <path
              d="M14 0 H18 V8 H14 z"
              opacity=".1"
              transform="rotate(135 16 16)"
            >
              
    
              <animate
                attributeName="opacity"
                begin="0.375s"
                dur="1s"
                from="1"
                repeatCount="indefinite"
                to=".1"
              />
              
  
            </path>
            
  
            <path
              d="M14 0 H18 V8 H14 z"
              opacity=".1"
              transform="rotate(180 16 16)"
            >
              
    
              <animate
                attributeName="opacity"
                begin="0.5s"
                dur="1s"
                from="1"
                repeatCount="indefinite"
                to=".1"
              />
              
  
            </path>
            
  
            <path
              d="M14 0 H18 V8 H14 z"
              opacity=".1"
              transform="rotate(225 16 16)"
            >
              
    
              <animate
                attributeName="opacity"
                begin="0.675s"
                dur="1s"
                from="1"
                repeatCount="indefinite"
                to=".1"
              />
              
  
            </path>
            
  
            <path
              d="M14 0 H18 V8 H14 z"
              opacity=".1"
              transform="rotate(270 16 16)"
            >
              
    
              <animate
                attributeName="opacity"
                begin="0.75s"
                dur="1s"
                from="1"
                repeatCount="indefinite"
                to=".1"
              />
              
  
            </path>
            
  
            <path
              d="M14 0 H18 V8 H14 z"
              opacity=".1"
              transform="rotate(315 16 16)"
            >
              
    
              <animate
                attributeName="opacity"
                begin="0.875s"
                dur="1s"
                from="1"
                repeatCount="indefinite"
                to=".1"
              />
              
  
            </path>
            

          </svg>
          

        </div>
        <span>
          Please wait...
        </span>
      </div>
    </div>
  </body>,
  "container": <div>
    <div
      class="d-flex flex-column align-items-center justify-content-center gap3 p-3 bgcolor-dark"
    >
      <div
        style="fill: #fff; height: 64px; width: 64px;"
      >
        <svg
          id="loading"
          viewBox="0 0 32 32"
          xmlns="http://www.w3.org/2000/svg"
        >
          
  
          <path
            d="M14 0 H18 V8 H14 z"
            opacity=".1"
            transform="rotate(0 16 16)"
          >
            
    
            <animate
              attributeName="opacity"
              begin="0"
              dur="1s"
              from="1"
              repeatCount="indefinite"
              to=".1"
            />
            
  
          </path>
          
  
          <path
            d="M14 0 H18 V8 H14 z"
            opacity=".1"
            transform="rotate(45 16 16)"
          >
            
    
            <animate
              attributeName="opacity"
              begin="0.125s"
              dur="1s"
              from="1"
              repeatCount="indefinite"
              to=".1"
            />
            
  
          </path>
          
  
          <path
            d="M14 0 H18 V8 H14 z"
            opacity=".1"
            transform="rotate(90 16 16)"
          >
            
    
            <animate
              attributeName="opacity"
              begin="0.25s"
              dur="1s"
              from="1"
              repeatCount="indefinite"
              to=".1"
            />
            
  
          </path>
          
  
          <path
            d="M14 0 H18 V8 H14 z"
            opacity=".1"
            transform="rotate(135 16 16)"
          >
            
    
            <animate
              attributeName="opacity"
              begin="0.375s"
              dur="1s"
              from="1"
              repeatCount="indefinite"
              to=".1"
            />
            
  
          </path>
          
  
          <path
            d="M14 0 H18 V8 H14 z"
            opacity=".1"
            transform="rotate(180 16 16)"
          >
            
    
            <animate
              attributeName="opacity"
              begin="0.5s"
              dur="1s"
              from="1"
              repeatCount="indefinite"
              to=".1"
            />
            
  
          </path>
          
  
          <path
            d="M14 0 H18 V8 H14 z"
            opacity=".1"
            transform="rotate(225 16 16)"
          >
            
    
            <animate
              attributeName="opacity"
              begin="0.675s"
              dur="1s"
              from="1"
              repeatCount="indefinite"
              to=".1"
            />
            
  
          </path>
          
  
          <path
            d="M14 0 H18 V8 H14 z"
            opacity=".1"
            transform="rotate(270 16 16)"
          >
            
    
            <animate
              attributeName="opacity"
              begin="0.75s"
              dur="1s"
              from="1"
              repeatCount="indefinite"
              to=".1"
            />
            
  
          </path>
          
  
          <path
            d="M14 0 H18 V8 H14 z"
            opacity=".1"
            transform="rotate(315 16 16)"
          >
            
    
            <animate
              attributeName="opacity"
              begin="0.875s"
              dur="1s"
              from="1"
              repeatCount="indefinite"
              to=".1"
            />
            
  
          </path>
          

        </svg>
        

      </div>
      <span>
        Please wait...
      </span>
    </div>
  </div>,
  "debug": [Function],
  "findAllByAltText": [Function],
  "findAllByDisplayValue": [Function],
  "findAllByLabelText": [Function],
  "findAllByPlaceholderText": [Function],
  "findAllByRole": [Function],
  "findAllByTestId": [Function],
  "findAllByText": [Function],
  "findAllByTitle": [Function],
  "findByAltText": [Function],
  "findByDisplayValue": [Function],
  "findByLabelText": [Function],
  "findByPlaceholderText": [Function],
  "findByRole": [Function],
  "findByTestId": [Function],
  "findByText": [Function],
  "findByTitle": [Function],
  "getAllByAltText": [Function],
  "getAllByDisplayValue": [Function],
  "getAllByLabelText": [Function],
  "getAllByPlaceholderText": [Function],
  "getAllByRole": [Function],
  "getAllByTestId": [Function],
  "getAllByText": [Function],
  "getAllByTitle": [Function],
  "getByAltText": [Function],
  "getByDisplayValue": [Function],
  "getByLabelText": [Function],
  "getByPlaceholderText": [Function],
  "getByRole": [Function],
  "getByTestId": [Function],
  "getByText": [Function],
  "getByTitle": [Function],
  "queryAllByAltText": [Function],
  "queryAllByDisplayValue": [Function],
  "queryAllByLabelText": [Function],
  "queryAllByPlaceholderText": [Function],
  "queryAllByRole": [Function],
  "queryAllByTestId": [Function],
  "queryAllByText": [Function],
  "queryAllByTitle": [Function],
  "queryByAltText": [Function],
  "queryByDisplayValue": [Function],
  "queryByLabelText": [Function],
  "queryByPlaceholderText": [Function],
  "queryByRole": [Function],
  "queryByTestId": [Function],
  "queryByText": [Function],
  "queryByTitle": [Function],
  "rerender": [Function],
  "unmount": [Function],
}
`;
